<html>
<body>
<pre>
<h1>µVision Build Log</h1>
<h2>Project:</h2>
F:\ARM\STM32CubeMXProjects\balance_car\MDK-ARM\balance_car.uvprojx
Project File Date:  08/18/2018

<h2>Output:</h2>
Build target 'balance_car'
compiling main.c...
../Core/Src/main.c(149): warning:  #174-D: expression has no effect
          recv_end_flag1 == 0;
../Core/Src/main.c: 1 warning, 0 errors
linking...
Program Size: Code=20832 RO-data=440 RW-data=64 ZI-data=2088  
FromELF: creating hex file...
"balance_car\balance_car.axf" - 0 Error(s), 1 Warning(s).

<h2>Software Packages used:</h2>

Package Vendor: ARM
                http://www.keil.com/pack/ARM.CMSIS.3.20.4.pack
                ARM::CMSIS:CORE:3.20.0
                Cortex Microcontroller Software Interface Standard (CMSIS) CORE, DSP, RTOS, Driver
   * Component: CORE Version: 3.20.0

<h2>Collection of Component include folders:</h2>
  F:\ARM\STM32CubeMXProjects\balance_car\MDK-ARM\RTE
  C:\Keil_v5\ARM\PACK\ARM\CMSIS\3.20.4\CMSIS\Include
  C:\Keil_v5\ARM\PACK\Keil\STM32F1xx_DFP\1.0.5\Device\Include

<h2>Collection of Component Files used:</h2>

   * Component: ARM::CMSIS:CORE:3.20.0
Load "balance_car\\balance_car.axf" 
Erase Done.
Programming Done.
Verify OK.
Load "balance_car\\balance_car.axf" 
Erase Done.
Programming Done.
Verify OK.
car.axf" 
Erase Done.
Programming Done.
Verify OK.
 ARM::CMSIS:CORE:3.20.0
Load "balance_car\\balance_car.axf" 
Erase Done.
Programming Done.
Verify OK.

ft,right,
..\Core\Src\motor.c(69): warning:  #177-D: variable "right" was declared but never referenced
      int left,right,
..\Core\Src\motor.c(93): error:  #169: expected a declaration
          }
..\Core\Src\motor.c(116): warning:  #12-D: parsing restarts here after previous syntax error
          printf("x is %d,y is %d,x_dir is %d,y_dir is %d\n",x,y,x_dir,y_dir);
..\Core\Src\motor.c(117): error:  #79: expected a type specifier
          motor_run((uint16_t)left,left_direction,(uint16_t)right,right_direction);
..\Core\Src\motor.c(117): error:  #20: identifier "left_direction" is undefined
          motor_run((uint16_t)left,left_direction,(uint16_t)right,right_direction);
..\Core\Src\motor.c(117): error:  #79: expected a type specifier
          motor_run((uint16_t)left,left_direction,(uint16_t)right,right_direction);
..\Core\Src\motor.c(117): error:  #20: identifier "right_direction" is undefined
          motor_run((uint16_t)left,left_direction,(uint16_t)right,right_direction);
..\Core\Src\motor.c(117): error:  #260-D: explicit type is missing ("int" assumed)
          motor_run((uint16_t)left,left_direction,(uint16_t)right,right_direction);
..\Core\Src\motor.c(117): error:  #147: declaration is incompatible with "void motor_run(uint16_t, int, uint16_t, int)" (declared at line 29)
          motor_run((uint16_t)left,left_direction,(uint16_t)right,right_direction);
..\Core\Src\motor.c(118): error:  #169: expected a declaration
  }
..\Core\Src\motor.c: 10 warnings, 12 errors
compiling main.c...
../Core/Src/main.c(149): warning:  #174-D: expression has no effect
          recv_end_flag1 == 0;
../Core/Src/main.c: 1 warning, 0 errors
"balance_car\balance_car.axf" - 12 Error(s), 11 Warning(s).

<h2>Software Packages used:</h2>

Package Vendor: ARM
                http://www.keil.com/pack/ARM.CMSIS.3.20.4.pack
                ARM::CMSIS:CORE:3.20.0
                Cortex Microcontroller Software Interface Standard (CMSIS) CORE, DSP, RTOS, Driver
   * Component: CORE Version: 3.20.0

<h2>Collection of Component include folders:</h2>
  F:\ARM\STM32CubeMXProjects\balance_car\MDK-ARM\RTE
  C:\Keil_v5\ARM\PACK\ARM\CMSIS\3.20.4\CMSIS\Include
  C:\Keil_v5\ARM\PACK\Keil\STM32F1xx_DFP\1.0.5\Device\Include

<h2>Collection of Component Files used:</h2>

   * Component: ARM::CMSIS:CORE:3.20.0
Target not created
