<html>
<body>
<pre>
<h1>µVision Build Log</h1>
<h2>Project:</h2>
F:\ARM\STM32CubeMXProjects\balance_car\MDK-ARM\balance_car.uvprojx
Project File Date:  08/16/2018

<h2>Output:</h2>
Build target 'balance_car'
compiling main.c...
linking...
Program Size: Code=9752 RO-data=292 RW-data=28 ZI-data=1364  
FromELF: creating hex file...
"balance_car\balance_car.axf" - 0 Error(s), 0 Warning(s).

<h2>Software Packages used:</h2>

Package Vendor: ARM
                http://www.keil.com/pack/ARM.CMSIS.3.20.4.pack
                ARM::CMSIS:CORE:3.20.0
                Cortex Microcontroller Software Interface Standard (CMSIS) CORE, DSP, RTOS, Driver
   * Component: CORE Version: 3.20.0

<h2>Collection of Component include folders:</h2>
  F:\ARM\STM32CubeMXProjects\balance_car\MDK-ARM\RTE
  C:\Keil_v5\ARM\PACK\ARM\CMSIS\3.20.4\CMSIS\Include
  C:\Keil_v5\ARM\PACK\Keil\STM32F1xx_DFP\1.0.5\Device\Include

<h2>Collection of Component Files used:</h2>

   * Component: ARM::CMSIS:CORE:3.20.0
Load "balance_car\\balance_car.axf" 
Erase Done.
Programming Done.
Verify OK.
Load "balance_car\\balance_car.axf" 
Erase Done.
Programming Done.
Verify OK.
XProjects\balance_car\MDK-ARM\RTE
  C:\Keil_v5\ARM\PACK\ARM\CMSIS\3.20.4\CMSIS\Include
  C:\Keil_v5\ARM\PACK\Keil\STM32F1xx_DFP\1.0.5\Device\Include

<h2>Collection of Component Files used:</h2>

   * Component: ARM::CMSIS:CORE:3.20.0
Target not created
        ARM::CMSIS:CORE:3.20.0
                Cortex Microcontroller Software Interface Standard (CMSIS) CORE, DSP, RTOS, Driver
   * Component: CORE Version: 3.20.0

<h2>Collection of Component include folders:</h2>
  F:\ARM\STM32CubeMXProjects\balance_car\MDK-ARM\RTE
  C:\Keil_v5\ARM\PACK\ARM\CMSIS\3.20.4\CMSIS\Include
  C:\Keil_v5\ARM\PACK\Keil\STM32F1xx_DFP\1.0.5\Device\Include

<h2>Collection of Component Files used:</h2>

   * Component: ARM::CMSIS:CORE:3.20.0
Target not created
eMXProjects\balance_car\MDK-ARM\RTE
  C:\Keil_v5\ARM\PACK\ARM\CMSIS\3.20.4\CMSIS\Include
  C:\Keil_v5\ARM\PACK\Keil\STM32F1xx_DFP\1.0.5\Device\Include

<h2>Collection of Component Files used:</h2>

   * Component: ARM::CMSIS:CORE:3.20.0
Target not created
FFFF);????????
../Core/Src/main.c(75): error:  #7: unrecognized token
  ?????????? HAL_UART_Transmit(&huart2, (uint8_t *)&ch,1, 0xFFFF);????????
../Core/Src/main.c(75): error:  #7: unrecognized token
  ?????????? HAL_UART_Transmit(&huart2, (uint8_t *)&ch,1, 0xFFFF);????????
../Core/Src/main.c(75): error:  #7: unrecognized token
  ?????????? HAL_UART_Transmit(&huart2, (uint8_t *)&ch,1, 0xFFFF);????????
../Core/Src/main.c(75): error:  #7: unrecognized token
  ?????????? HAL_UART_Transmit(&huart2, (uint8_t *)&ch,1, 0xFFFF);????????
../Core/Src/main.c(75): error:  #7: unrecognized token
  ?????????? HAL_UART_Transmit(&huart2, (uint8_t *)&ch,1, 0xFFFF);????????
../Core/Src/main.c(76): error:  #7: unrecognized token
  ?????????? return ch;
../Core/Src/main.c(76): error:  #7: unrecognized token
  ?????????? return ch;
../Core/Src/main.c(76): error:  #7: unrecognized token
  ?????????? return ch;
../Core/Src/main.c(76): error:  #7: unrecognized token
  ?????????? return ch;
../Core/Src/main.c(76): error:  #7: unrecognized token
  ?????????? return ch;
../Core/Src/main.c(76): error:  #7: unrecognized token
  ?????????? return ch;
../Core/Src/main.c(76): error:  #7: unrecognized token
  ?????????? return ch;
../Core/Src/main.c(76): error:  #7: unrecognized token
  ?????????? return ch;
../Core/Src/main.c(76): error:  #7: unrecognized token
  ?????????? return ch;
../Core/Src/main.c(76): error:  #7: unrecognized token
  ?????????? return ch;
../Core/Src/main.c: 0 warnings, 30 errors
"balance_car\balance_car.axf" - 30 Error(s), 0 Warning(s).

<h2>Software Packages used:</h2>

Package Vendor: ARM
                http://www.keil.com/pack/ARM.CMSIS.3.20.4.pack
                ARM::CMSIS:CORE:3.20.0
                Cortex Microcontroller Software Interface Standard (CMSIS) CORE, DSP, RTOS, Driver
   * Component: CORE Version: 3.20.0

<h2>Collection of Component include folders:</h2>
  F:\ARM\STM32CubeMXProjects\balance_car\MDK-ARM\RTE
  C:\Keil_v5\ARM\PACK\ARM\CMSIS\3.20.4\CMSIS\Include
  C:\Keil_v5\ARM\PACK\Keil\STM32F1xx_DFP\1.0.5\Device\Include

<h2>Collection of Component Files used:</h2>

   * Component: ARM::CMSIS:CORE:3.20.0
Target not created
:3.20.0
Target not created
r "uint16_t" is undefined
  extern uint16_t blue_key;
../Drivers/STM32F1xx_HAL_Driver/Src/stm32f1xx_hal_pwr.c: 0 warnings, 1 error
compiling stm32f1xx_hal_flash.c...
../Core/Inc/main.h(81): error:  #20: identifier "uint16_t" is undefined
  extern uint16_t blue_key;
../Drivers/STM32F1xx_HAL_Driver/Src/stm32f1xx_hal_flash.c: 0 warnings, 1 error
compiling stm32f1xx_hal_flash_ex.c...
../Core/Inc/main.h(81): error:  #20: identifier "uint16_t" is undefined
  extern uint16_t blue_key;
../Drivers/STM32F1xx_HAL_Driver/Src/stm32f1xx_hal_flash_ex.c: 0 warnings, 1 error
compiling system_stm32f1xx.c...
"balance_car\balance_car.axf" - 25 Error(s), 0 Warning(s).

<h2>Software Packages used:</h2>

Package Vendor: ARM
                http://www.keil.com/pack/ARM.CMSIS.3.20.4.pack
                ARM::CMSIS:CORE:3.20.0
                Cortex Microcontroller Software Interface Standard (CMSIS) CORE, DSP, RTOS, Driver
   * Component: CORE Version: 3.20.0

<h2>Collection of Component include folders:</h2>
  F:\ARM\STM32CubeMXProjects\balance_car\MDK-ARM\RTE
  C:\Keil_v5\ARM\PACK\ARM\CMSIS\3.20.4\CMSIS\Include
  C:\Keil_v5\ARM\PACK\Keil\STM32F1xx_DFP\1.0.5\Device\Include

<h2>Collection of Component Files used:</h2>

   * Component: ARM::CMSIS:CORE:3.20.0
Target not created
32F1xx_DFP\1.0.5\Device\Include

<h2>Collection of Component Files used:</h2>

   * Component: ARM::CMSIS:CORE:3.20.0
Target not created
fined
  extern TIM_HandleTypeDef htim3;
../Core/Inc/tim.h(55): error:  #20: identifier "TIM_HandleTypeDef" is undefined
  extern TIM_HandleTypeDef htim4;
../Core/Inc/tim.h(66): error:  #20: identifier "TIM_HandleTypeDef" is undefined
  void HAL_TIM_MspPostInit(TIM_HandleTypeDef *htim);
../Core/Inc/usart.h(54): error:  #20: identifier "UART_HandleTypeDef" is undefined
  extern UART_HandleTypeDef huart1;
../Core/Inc/usart.h(55): error:  #20: identifier "UART_HandleTypeDef" is undefined
  extern UART_HandleTypeDef huart2;
../Core/Src/stm32f1xx_it.c(82): error:  #20: identifier "blue_key" is undefined
    blue_key += 1;
../Core/Src/stm32f1xx_it.c: 0 warnings, 11 errors
compiling stm32f1xx_hal_msp.c...
../Core/Inc/motor.h(7): error:  #20: identifier "uint16_t" is undefined
  extern uint16_t motor_left_step;
../Core/Inc/motor.h(8): error:  #20: identifier "uint16_t" is undefined
  extern uint16_t motor_right_step;
../Core/Inc/motor.h(9): error:  #20: identifier "uint8_t" is undefined
  extern uint8_t motor_get_encoder_state_L(void);
../Core/Inc/motor.h(10): error:  #20: identifier "uint8_t" is undefined
  extern uint8_t motor_get_encoder_state_R(void);
../Core/Inc/i2c.h(54): error:  #20: identifier "I2C_HandleTypeDef" is undefined
  extern I2C_HandleTypeDef hi2c2;
../Core/Inc/tim.h(54): error:  #20: identifier "TIM_HandleTypeDef" is undefined
  extern TIM_HandleTypeDef htim3;
../Core/Inc/tim.h(55): error:  #20: identifier "TIM_HandleTypeDef" is undefined
  extern TIM_HandleTypeDef htim4;
../Core/Inc/tim.h(66): error:  #20: identifier "TIM_HandleTypeDef" is undefined
  void HAL_TIM_MspPostInit(TIM_HandleTypeDef *htim);
../Core/Inc/usart.h(54): error:  #20: identifier "UART_HandleTypeDef" is undefined
  extern UART_HandleTypeDef huart1;
../Core/Inc/usart.h(55): error:  #20: identifier "UART_HandleTypeDef" is undefined
  extern UART_HandleTypeDef huart2;
../Core/Src/stm32f1xx_hal_msp.c: 0 warnings, 10 errors
compiling motor.c...
compiling mpu6050.c...
../Core/Inc/motor.h(7): error:  #20: identifier "uint16_t" is undefined
  extern uint16_t motor_left_step;
../Core/Inc/motor.h(8): error:  #20: identifier "uint16_t" is undefined
  extern uint16_t motor_right_step;
../Core/Inc/motor.h(9): error:  #20: identifier "uint8_t" is undefined
  extern uint8_t motor_get_encoder_state_L(void);
../Core/Inc/motor.h(10): error:  #20: identifier "uint8_t" is undefined
  extern uint8_t motor_get_encoder_state_R(void);
../Core/Inc/i2c.h(54): error:  #20: identifier "I2C_HandleTypeDef" is undefined
  extern I2C_HandleTypeDef hi2c2;
../Core/Inc/tim.h(54): error:  #20: identifier "TIM_HandleTypeDef" is undefined
  extern TIM_HandleTypeDef htim3;
../Core/Inc/tim.h(55): error:  #20: identifier "TIM_HandleTypeDef" is undefined
  extern TIM_HandleTypeDef htim4;
../Core/Inc/tim.h(66): error:  #20: identifier "TIM_HandleTypeDef" is undefined
  void HAL_TIM_MspPostInit(TIM_HandleTypeDef *htim);
../Core/Inc/usart.h(54): error:  #20: identifier "UART_HandleTypeDef" is undefined
  extern UART_HandleTypeDef huart1;
../Core/Inc/usart.h(55): error:  #20: identifier "UART_HandleTypeDef" is undefined
  extern UART_HandleTypeDef huart2;
..\Core\Src\mpu6050.c: 0 warnings, 10 errors
compiling tsl2561.c...
../Core/Inc/motor.h(7): error:  #20: identifier "uint16_t" is undefined
  extern uint16_t motor_left_step;
../Core/Inc/motor.h(8): error:  #20: identifier "uint16_t" is undefined
  extern uint16_t motor_right_step;
../Core/Inc/motor.h(9): error:  #20: identifier "uint8_t" is undefined
  extern uint8_t motor_get_encoder_state_L(void);
../Core/Inc/motor.h(10): error:  #20: identifier "uint8_t" is undefined
  extern uint8_t motor_get_encoder_state_R(void);
../Core/Inc/i2c.h(54): error:  #20: identifier "I2C_HandleTypeDef" is undefined
  extern I2C_HandleTypeDef hi2c2;
../Core/Inc/tim.h(54): error:  #20: identifier "TIM_HandleTypeDef" is undefined
  extern TIM_HandleTypeDef htim3;
../Core/Inc/tim.h(55): error:  #20: identifier "TIM_HandleTypeDef" is undefined
  extern TIM_HandleTypeDef htim4;
../Core/Inc/tim.h(66): error:  #20: identifier "TIM_HandleTypeDef" is undefined
  void HAL_TIM_MspPostInit(TIM_HandleTypeDef *htim);
../Core/Inc/usart.h(54): error:  #20: identifier "UART_HandleTypeDef" is undefined
  extern UART_HandleTypeDef huart1;
../Core/Inc/usart.h(55): error:  #20: identifier "UART_HandleTypeDef" is undefined
  extern UART_HandleTypeDef huart2;
..\Core\Src\tsl2561.c: 0 warnings, 10 errors
compiling stm32f1xx_hal_gpio_ex.c...
../Core/Inc/motor.h(7): error:  #20: identifier "uint16_t" is undefined
  extern uint16_t motor_left_step;
../Core/Inc/motor.h(8): error:  #20: identifier "uint16_t" is undefined
  extern uint16_t motor_right_step;
../Core/Inc/motor.h(9): error:  #20: identifier "uint8_t" is undefined
  extern uint8_t motor_get_encoder_state_L(void);
../Core/Inc/motor.h(10): error:  #20: identifier "uint8_t" is undefined
  extern uint8_t motor_get_encoder_state_R(void);
../Core/Inc/i2c.h(54): error:  #20: identifier "I2C_HandleTypeDef" is undefined
  extern I2C_HandleTypeDef hi2c2;
../Core/Inc/tim.h(54): error:  #20: identifier "TIM_HandleTypeDef" is undefined
  extern TIM_HandleTypeDef htim3;
../Core/Inc/tim.h(55): error:  #20: identifier "TIM_HandleTypeDef" is undefined
  extern TIM_HandleTypeDef htim4;
../Core/Inc/tim.h(66): error:  #20: identifier "TIM_HandleTypeDef" is undefined
  void HAL_TIM_MspPostInit(TIM_HandleTypeDef *htim);
../Core/Inc/usart.h(54): error:  #20: identifier "UART_HandleTypeDef" is undefined
  extern UART_HandleTypeDef huart1;
../Core/Inc/usart.h(55): error:  #20: identifier "UART_HandleTypeDef" is undefined
  extern UART_HandleTypeDef huart2;
../Drivers/STM32F1xx_HAL_Driver/Src/stm32f1xx_hal_gpio_ex.c: 0 warnings, 10 errors
compiling stm32f1xx_hal_i2c.c...
../Core/Inc/motor.h(7): error:  #20: identifier "uint16_t" is undefined
  extern uint16_t motor_left_step;
../Core/Inc/motor.h(8): error:  #20: identifier "uint16_t" is undefined
  extern uint16_t motor_right_step;
../Core/Inc/motor.h(9): error:  #20: identifier "uint8_t" is undefined
  extern uint8_t motor_get_encoder_state_L(void);
../Core/Inc/motor.h(10): error:  #20: identifier "uint8_t" is undefined
  extern uint8_t motor_get_encoder_state_R(void);
../Core/Inc/i2c.h(54): error:  #20: identifier "I2C_HandleTypeDef" is undefined
  extern I2C_HandleTypeDef hi2c2;
../Core/Inc/tim.h(54): error:  #20: identifier "TIM_HandleTypeDef" is undefined
  extern TIM_HandleTypeDef htim3;
../Core/Inc/tim.h(55): error:  #20: identifier "TIM_HandleTypeDef" is undefined
  extern TIM_HandleTypeDef htim4;
../Core/Inc/tim.h(66): error:  #20: identifier "TIM_HandleTypeDef" is undefined
  void HAL_TIM_MspPostInit(TIM_HandleTypeDef *htim);
../Core/Inc/usart.h(54): error:  #20: identifier "UART_HandleTypeDef" is undefined
  extern UART_HandleTypeDef huart1;
../Core/Inc/usart.h(55): error:  #20: identifier "UART_HandleTypeDef" is undefined
  extern UART_HandleTypeDef huart2;
../Drivers/STM32F1xx_HAL_Driver/Src/stm32f1xx_hal_i2c.c: 0 warnings, 10 errors
compiling stm32f1xx_hal_tim.c...
../Core/Inc/motor.h(7): error:  #20: identifier "uint16_t" is undefined
  extern uint16_t motor_left_step;
../Core/Inc/motor.h(8): error:  #20: identifier "uint16_t" is undefined
  extern uint16_t motor_right_step;
../Core/Inc/motor.h(9): error:  #20: identifier "uint8_t" is undefined
  extern uint8_t motor_get_encoder_state_L(void);
../Core/Inc/motor.h(10): error:  #20: identifier "uint8_t" is undefined
  extern uint8_t motor_get_encoder_state_R(void);
../Core/Inc/i2c.h(54): error:  #20: identifier "I2C_HandleTypeDef" is undefined
  extern I2C_HandleTypeDef hi2c2;
../Core/Inc/tim.h(54): error:  #20: identifier "TIM_HandleTypeDef" is undefined
  extern TIM_HandleTypeDef htim3;
../Core/Inc/tim.h(55): error:  #20: identifier "TIM_HandleTypeDef" is undefined
  extern TIM_HandleTypeDef htim4;
../Core/Inc/tim.h(66): error:  #20: identifier "TIM_HandleTypeDef" is undefined
  void HAL_TIM_MspPostInit(TIM_HandleTypeDef *htim);
../Core/Inc/usart.h(54): error:  #20: identifier "UART_HandleTypeDef" is undefined
  extern UART_HandleTypeDef huart1;
../Core/Inc/usart.h(55): error:  #20: identifier "UART_HandleTypeDef" is undefined
  extern UART_HandleTypeDef huart2;
../Drivers/STM32F1xx_HAL_Driver/Src/stm32f1xx_hal_tim.c: 0 warnings, 10 errors
compiling stm32f1xx_hal_tim_ex.c...
../Core/Inc/motor.h(7): error:  #20: identifier "uint16_t" is undefined
  extern uint16_t motor_left_step;
../Core/Inc/motor.h(8): error:  #20: identifier "uint16_t" is undefined
  extern uint16_t motor_right_step;
../Core/Inc/motor.h(9): error:  #20: identifier "uint8_t" is undefined
  extern uint8_t motor_get_encoder_state_L(void);
../Core/Inc/motor.h(10): error:  #20: identifier "uint8_t" is undefined
  extern uint8_t motor_get_encoder_state_R(void);
../Core/Inc/i2c.h(54): error:  #20: identifier "I2C_HandleTypeDef" is undefined
  extern I2C_HandleTypeDef hi2c2;
../Core/Inc/tim.h(54): error:  #20: identifier "TIM_HandleTypeDef" is undefined
  extern TIM_HandleTypeDef htim3;
../Core/Inc/tim.h(55): error:  #20: identifier "TIM_HandleTypeDef" is undefined
  extern TIM_HandleTypeDef htim4;
../Core/Inc/tim.h(66): error:  #20: identifier "TIM_HandleTypeDef" is undefined
  void HAL_TIM_MspPostInit(TIM_HandleTypeDef *htim);
../Core/Inc/usart.h(54): error:  #20: identifier "UART_HandleTypeDef" is undefined
  extern UART_HandleTypeDef huart1;
../Core/Inc/usart.h(55): error:  #20: identifier "UART_HandleTypeDef" is undefined
  extern UART_HandleTypeDef huart2;
../Drivers/STM32F1xx_HAL_Driver/Src/stm32f1xx_hal_tim_ex.c: 0 warnings, 10 errors
compiling stm32f1xx_hal_uart.c...
../Core/Inc/motor.h(7): error:  #20: identifier "uint16_t" is undefined
  extern uint16_t motor_left_step;
../Core/Inc/motor.h(8): error:  #20: identifier "uint16_t" is undefined
  extern uint16_t motor_right_step;
../Core/Inc/motor.h(9): error:  #20: identifier "uint8_t" is undefined
  extern uint8_t motor_get_encoder_state_L(void);
../Core/Inc/motor.h(10): error:  #20: identifier "uint8_t" is undefined
  extern uint8_t motor_get_encoder_state_R(void);
../Core/Inc/i2c.h(54): error:  #20: identifier "I2C_HandleTypeDef" is undefined
  extern I2C_HandleTypeDef hi2c2;
../Core/Inc/tim.h(54): error:  #20: identifier "TIM_HandleTypeDef" is undefined
  extern TIM_HandleTypeDef htim3;
../Core/Inc/tim.h(55): error:  #20: identifier "TIM_HandleTypeDef" is undefined
  extern TIM_HandleTypeDef htim4;
../Core/Inc/tim.h(66): error:  #20: identifier "TIM_HandleTypeDef" is undefined
  void HAL_TIM_MspPostInit(TIM_HandleTypeDef *htim);
../Core/Inc/usart.h(54): error:  #20: identifier "UART_HandleTypeDef" is undefined
  extern UART_HandleTypeDef huart1;
../Core/Inc/usart.h(55): error:  #20: identifier "UART_HandleTypeDef" is undefined
  extern UART_HandleTypeDef huart2;
../Drivers/STM32F1xx_HAL_Driver/Src/stm32f1xx_hal_uart.c: 0 warnings, 10 errors
compiling stm32f1xx_hal.c...
../Core/Inc/motor.h(7): error:  #20: identifier "uint16_t" is undefined
  extern uint16_t motor_left_step;
../Core/Inc/motor.h(8): error:  #20: identifier "uint16_t" is undefined
  extern uint16_t motor_right_step;
../Core/Inc/motor.h(9): error:  #20: identifier "uint8_t" is undefined
  extern uint8_t motor_get_encoder_state_L(void);
../Core/Inc/motor.h(10): error:  #20: identifier "uint8_t" is undefined
  extern uint8_t motor_get_encoder_state_R(void);
../Core/Inc/i2c.h(54): error:  #20: identifier "I2C_HandleTypeDef" is undefined
  extern I2C_HandleTypeDef hi2c2;
../Core/Inc/tim.h(54): error:  #20: identifier "TIM_HandleTypeDef" is undefined
  extern TIM_HandleTypeDef htim3;
../Core/Inc/tim.h(55): error:  #20: identifier "TIM_HandleTypeDef" is undefined
  extern TIM_HandleTypeDef htim4;
../Core/Inc/tim.h(66): error:  #20: identifier "TIM_HandleTypeDef" is undefined
  void HAL_TIM_MspPostInit(TIM_HandleTypeDef *htim);
../Core/Inc/usart.h(54): error:  #20: identifier "UART_HandleTypeDef" is undefined
  extern UART_HandleTypeDef huart1;
../Core/Inc/usart.h(55): error:  #20: identifier "UART_HandleTypeDef" is undefined
  extern UART_HandleTypeDef huart2;
../Drivers/STM32F1xx_HAL_Driver/Src/stm32f1xx_hal.c: 0 warnings, 10 errors
compiling stm32f1xx_hal_rcc.c...
../Core/Inc/motor.h(7): error:  #20: identifier "uint16_t" is undefined
  extern uint16_t motor_left_step;
../Core/Inc/motor.h(8): error:  #20: identifier "uint16_t" is undefined
  extern uint16_t motor_right_step;
../Core/Inc/motor.h(9): error:  #20: identifier "uint8_t" is undefined
  extern uint8_t motor_get_encoder_state_L(void);
../Core/Inc/motor.h(10): error:  #20: identifier "uint8_t" is undefined
  extern uint8_t motor_get_encoder_state_R(void);
../Core/Inc/i2c.h(54): error:  #20: identifier "I2C_HandleTypeDef" is undefined
  extern I2C_HandleTypeDef hi2c2;
../Core/Inc/tim.h(54): error:  #20: identifier "TIM_HandleTypeDef" is undefined
  extern TIM_HandleTypeDef htim3;
../Core/Inc/tim.h(55): error:  #20: identifier "TIM_HandleTypeDef" is undefined
  extern TIM_HandleTypeDef htim4;
../Core/Inc/tim.h(66): error:  #20: identifier "TIM_HandleTypeDef" is undefined
  void HAL_TIM_MspPostInit(TIM_HandleTypeDef *htim);
../Core/Inc/usart.h(54): error:  #20: identifier "UART_HandleTypeDef" is undefined
  extern UART_HandleTypeDef huart1;
../Core/Inc/usart.h(55): error:  #20: identifier "UART_HandleTypeDef" is undefined
  extern UART_HandleTypeDef huart2;
../Drivers/STM32F1xx_HAL_Driver/Src/stm32f1xx_hal_rcc.c: 0 warnings, 10 errors
compiling stm32f1xx_hal_rcc_ex.c...
../Core/Inc/motor.h(7): error:  #20: identifier "uint16_t" is undefined
  extern uint16_t motor_left_step;
../Core/Inc/motor.h(8): error:  #20: identifier "uint16_t" is undefined
  extern uint16_t motor_right_step;
../Core/Inc/motor.h(9): error:  #20: identifier "uint8_t" is undefined
  extern uint8_t motor_get_encoder_state_L(void);
../Core/Inc/motor.h(10): error:  #20: identifier "uint8_t" is undefined
  extern uint8_t motor_get_encoder_state_R(void);
../Core/Inc/i2c.h(54): error:  #20: identifier "I2C_HandleTypeDef" is undefined
  extern I2C_HandleTypeDef hi2c2;
../Core/Inc/tim.h(54): error:  #20: identifier "TIM_HandleTypeDef" is undefined
  extern TIM_HandleTypeDef htim3;
../Core/Inc/tim.h(55): error:  #20: identifier "TIM_HandleTypeDef" is undefined
  extern TIM_HandleTypeDef htim4;
../Core/Inc/tim.h(66): error:  #20: identifier "TIM_HandleTypeDef" is undefined
  void HAL_TIM_MspPostInit(TIM_HandleTypeDef *htim);
../Core/Inc/usart.h(54): error:  #20: identifier "UART_HandleTypeDef" is undefined
  extern UART_HandleTypeDef huart1;
../Core/Inc/usart.h(55): error:  #20: identifier "UART_HandleTypeDef" is undefined
  extern UART_HandleTypeDef huart2;
../Drivers/STM32F1xx_HAL_Driver/Src/stm32f1xx_hal_rcc_ex.c: 0 warnings, 10 errors
compiling stm32f1xx_hal_gpio.c...
../Core/Inc/motor.h(7): error:  #20: identifier "uint16_t" is undefined
  extern uint16_t motor_left_step;
../Core/Inc/motor.h(8): error:  #20: identifier "uint16_t" is undefined
  extern uint16_t motor_right_step;
../Core/Inc/motor.h(9): error:  #20: identifier "uint8_t" is undefined
  extern uint8_t motor_get_encoder_state_L(void);
../Core/Inc/motor.h(10): error:  #20: identifier "uint8_t" is undefined
  extern uint8_t motor_get_encoder_state_R(void);
../Core/Inc/i2c.h(54): error:  #20: identifier "I2C_HandleTypeDef" is undefined
  extern I2C_HandleTypeDef hi2c2;
../Core/Inc/tim.h(54): error:  #20: identifier "TIM_HandleTypeDef" is undefined
  extern TIM_HandleTypeDef htim3;
../Core/Inc/tim.h(55): error:  #20: identifier "TIM_HandleTypeDef" is undefined
  extern TIM_HandleTypeDef htim4;
../Core/Inc/tim.h(66): error:  #20: identifier "TIM_HandleTypeDef" is undefined
  void HAL_TIM_MspPostInit(TIM_HandleTypeDef *htim);
../Core/Inc/usart.h(54): error:  #20: identifier "UART_HandleTypeDef" is undefined
  extern UART_HandleTypeDef huart1;
../Core/Inc/usart.h(55): error:  #20: identifier "UART_HandleTypeDef" is undefined
  extern UART_HandleTypeDef huart2;
../Drivers/STM32F1xx_HAL_Driver/Src/stm32f1xx_hal_gpio.c: 0 warnings, 10 errors
compiling stm32f1xx_hal_dma.c...
../Core/Inc/motor.h(7): error:  #20: identifier "uint16_t" is undefined
  extern uint16_t motor_left_step;
../Core/Inc/motor.h(8): error:  #20: identifier "uint16_t" is undefined
  extern uint16_t motor_right_step;
../Core/Inc/motor.h(9): error:  #20: identifier "uint8_t" is undefined
  extern uint8_t motor_get_encoder_state_L(void);
../Core/Inc/motor.h(10): error:  #20: identifier "uint8_t" is undefined
  extern uint8_t motor_get_encoder_state_R(void);
../Core/Inc/i2c.h(54): error:  #20: identifier "I2C_HandleTypeDef" is undefined
  extern I2C_HandleTypeDef hi2c2;
../Core/Inc/tim.h(54): error:  #20: identifier "TIM_HandleTypeDef" is undefined
  extern TIM_HandleTypeDef htim3;
../Core/Inc/tim.h(55): error:  #20: identifier "TIM_HandleTypeDef" is undefined
  extern TIM_HandleTypeDef htim4;
../Core/Inc/tim.h(66): error:  #20: identifier "TIM_HandleTypeDef" is undefined
  void HAL_TIM_MspPostInit(TIM_HandleTypeDef *htim);
../Core/Inc/usart.h(54): error:  #20: identifier "UART_HandleTypeDef" is undefined
  extern UART_HandleTypeDef huart1;
../Core/Inc/usart.h(55): error:  #20: identifier "UART_HandleTypeDef" is undefined
  extern UART_HandleTypeDef huart2;
../Drivers/STM32F1xx_HAL_Driver/Src/stm32f1xx_hal_dma.c: 0 warnings, 10 errors
compiling stm32f1xx_hal_cortex.c...
../Core/Inc/motor.h(7): error:  #20: identifier "uint16_t" is undefined
  extern uint16_t motor_left_step;
../Core/Inc/motor.h(8): error:  #20: identifier "uint16_t" is undefined
  extern uint16_t motor_right_step;
../Core/Inc/motor.h(9): error:  #20: identifier "uint8_t" is undefined
  extern uint8_t motor_get_encoder_state_L(void);
../Core/Inc/motor.h(10): error:  #20: identifier "uint8_t" is undefined
  extern uint8_t motor_get_encoder_state_R(void);
../Core/Inc/i2c.h(54): error:  #20: identifier "I2C_HandleTypeDef" is undefined
  extern I2C_HandleTypeDef hi2c2;
../Core/Inc/tim.h(54): error:  #20: identifier "TIM_HandleTypeDef" is undefined
  extern TIM_HandleTypeDef htim3;
../Core/Inc/tim.h(55): error:  #20: identifier "TIM_HandleTypeDef" is undefined
  extern TIM_HandleTypeDef htim4;
../Core/Inc/tim.h(66): error:  #20: identifier "TIM_HandleTypeDef" is undefined
  void HAL_TIM_MspPostInit(TIM_HandleTypeDef *htim);
../Core/Inc/usart.h(54): error:  #20: identifier "UART_HandleTypeDef" is undefined
  extern UART_HandleTypeDef huart1;
../Core/Inc/usart.h(55): error:  #20: identifier "UART_HandleTypeDef" is undefined
  extern UART_HandleTypeDef huart2;
../Drivers/STM32F1xx_HAL_Driver/Src/stm32f1xx_hal_cortex.c: 0 warnings, 10 errors
compiling stm32f1xx_hal_pwr.c...
../Core/Inc/motor.h(7): error:  #20: identifier "uint16_t" is undefined
  extern uint16_t motor_left_step;
../Core/Inc/motor.h(8): error:  #20: identifier "uint16_t" is undefined
  extern uint16_t motor_right_step;
../Core/Inc/motor.h(9): error:  #20: identifier "uint8_t" is undefined
  extern uint8_t motor_get_encoder_state_L(void);
../Core/Inc/motor.h(10): error:  #20: identifier "uint8_t" is undefined
  extern uint8_t motor_get_encoder_state_R(void);
../Core/Inc/i2c.h(54): error:  #20: identifier "I2C_HandleTypeDef" is undefined
  extern I2C_HandleTypeDef hi2c2;
../Core/Inc/tim.h(54): error:  #20: identifier "TIM_HandleTypeDef" is undefined
  extern TIM_HandleTypeDef htim3;
../Core/Inc/tim.h(55): error:  #20: identifier "TIM_HandleTypeDef" is undefined
  extern TIM_HandleTypeDef htim4;
../Core/Inc/tim.h(66): error:  #20: identifier "TIM_HandleTypeDef" is undefined
  void HAL_TIM_MspPostInit(TIM_HandleTypeDef *htim);
../Core/Inc/usart.h(54): error:  #20: identifier "UART_HandleTypeDef" is undefined
  extern UART_HandleTypeDef huart1;
../Core/Inc/usart.h(55): error:  #20: identifier "UART_HandleTypeDef" is undefined
  extern UART_HandleTypeDef huart2;
../Drivers/STM32F1xx_HAL_Driver/Src/stm32f1xx_hal_pwr.c: 0 warnings, 10 errors
compiling stm32f1xx_hal_flash.c...
../Core/Inc/motor.h(7): error:  #20: identifier "uint16_t" is undefined
  extern uint16_t motor_left_step;
../Core/Inc/motor.h(8): error:  #20: identifier "uint16_t" is undefined
  extern uint16_t motor_right_step;
../Core/Inc/motor.h(9): error:  #20: identifier "uint8_t" is undefined
  extern uint8_t motor_get_encoder_state_L(void);
../Core/Inc/motor.h(10): error:  #20: identifier "uint8_t" is undefined
  extern uint8_t motor_get_encoder_state_R(void);
../Core/Inc/i2c.h(54): error:  #20: identifier "I2C_HandleTypeDef" is undefined
  extern I2C_HandleTypeDef hi2c2;
../Core/Inc/tim.h(54): error:  #20: identifier "TIM_HandleTypeDef" is undefined
  extern TIM_HandleTypeDef htim3;
../Core/Inc/tim.h(55): error:  #20: identifier "TIM_HandleTypeDef" is undefined
  extern TIM_HandleTypeDef htim4;
../Core/Inc/tim.h(66): error:  #20: identifier "TIM_HandleTypeDef" is undefined
  void HAL_TIM_MspPostInit(TIM_HandleTypeDef *htim);
../Core/Inc/usart.h(54): error:  #20: identifier "UART_HandleTypeDef" is undefined
  extern UART_HandleTypeDef huart1;
../Core/Inc/usart.h(55): error:  #20: identifier "UART_HandleTypeDef" is undefined
  extern UART_HandleTypeDef huart2;
../Drivers/STM32F1xx_HAL_Driver/Src/stm32f1xx_hal_flash.c: 0 warnings, 10 errors
compiling stm32f1xx_hal_flash_ex.c...
../Core/Inc/motor.h(7): error:  #20: identifier "uint16_t" is undefined
  extern uint16_t motor_left_step;
../Core/Inc/motor.h(8): error:  #20: identifier "uint16_t" is undefined
  extern uint16_t motor_right_step;
../Core/Inc/motor.h(9): error:  #20: identifier "uint8_t" is undefined
  extern uint8_t motor_get_encoder_state_L(void);
../Core/Inc/motor.h(10): error:  #20: identifier "uint8_t" is undefined
  extern uint8_t motor_get_encoder_state_R(void);
../Core/Inc/i2c.h(54): error:  #20: identifier "I2C_HandleTypeDef" is undefined
  extern I2C_HandleTypeDef hi2c2;
../Core/Inc/tim.h(54): error:  #20: identifier "TIM_HandleTypeDef" is undefined
  extern TIM_HandleTypeDef htim3;
../Core/Inc/tim.h(55): error:  #20: identifier "TIM_HandleTypeDef" is undefined
  extern TIM_HandleTypeDef htim4;
../Core/Inc/tim.h(66): error:  #20: identifier "TIM_HandleTypeDef" is undefined
  void HAL_TIM_MspPostInit(TIM_HandleTypeDef *htim);
../Core/Inc/usart.h(54): error:  #20: identifier "UART_HandleTypeDef" is undefined
  extern UART_HandleTypeDef huart1;
../Core/Inc/usart.h(55): error:  #20: identifier "UART_HandleTypeDef" is undefined
  extern UART_HandleTypeDef huart2;
../Drivers/STM32F1xx_HAL_Driver/Src/stm32f1xx_hal_flash_ex.c: 0 warnings, 10 errors
compiling system_stm32f1xx.c...
../Core/Inc/i2c.h(54): error:  #20: identifier "I2C_HandleTypeDef" is undefined
  extern I2C_HandleTypeDef hi2c2;
../Core/Inc/tim.h(54): error:  #20: identifier "TIM_HandleTypeDef" is undefined
  extern TIM_HandleTypeDef htim3;
../Core/Inc/tim.h(55): error:  #20: identifier "TIM_HandleTypeDef" is undefined
  extern TIM_HandleTypeDef htim4;
../Core/Inc/tim.h(66): error:  #20: identifier "TIM_HandleTypeDef" is undefined
  void HAL_TIM_MspPostInit(TIM_HandleTypeDef *htim);
../Core/Inc/usart.h(54): error:  #20: identifier "UART_HandleTypeDef" is undefined
  extern UART_HandleTypeDef huart1;
../Core/Inc/usart.h(55): error:  #20: identifier "UART_HandleTypeDef" is undefined
  extern UART_HandleTypeDef huart2;
../Core/Src/system_stm32f1xx.c: 0 warnings, 6 errors
"balance_car\balance_car.axf" - 226 Error(s), 0 Warning(s).

<h2>Software Packages used:</h2>

Package Vendor: ARM
                http://www.keil.com/pack/ARM.CMSIS.3.20.4.pack
                ARM::CMSIS:CORE:3.20.0
                Cortex Microcontroller Software Interface Standard (CMSIS) CORE, DSP, RTOS, Driver
   * Component: CORE Version: 3.20.0

<h2>Collection of Component include folders:</h2>
  F:\ARM\STM32CubeMXProjects\balance_car\MDK-ARM\RTE
  C:\Keil_v5\ARM\PACK\ARM\CMSIS\3.20.4\CMSIS\Include
  C:\Keil_v5\ARM\PACK\Keil\STM32F1xx_DFP\1.0.5\Device\Include

<h2>Collection of Component Files used:</h2>

   * Component: ARM::CMSIS:CORE:3.20.0
Target not created
