<html>
<body>
<pre>
<h1>µVision Build Log</h1>
<h2>Project:</h2>
F:\ARM\STM32CubeMXProjects\tim_ti_test\MDK-ARM\tim_ti_test.uvprojx
Project File Date:  08/18/2018

<h2>Output:</h2>
Build target 'tim_ti_test'
compiling usart.c...
linking...
Program Size: Code=7084 RO-data=292 RW-data=20 ZI-data=1452  
FromELF: creating hex file...
"tim_ti_test\tim_ti_test.axf" - 0 Error(s), 0 Warning(s).

<h2>Software Packages used:</h2>

Package Vendor: ARM
                http://www.keil.com/pack/ARM.CMSIS.3.20.4.pack
                ARM::CMSIS:CORE:3.20.0
                Cortex Microcontroller Software Interface Standard (CMSIS) CORE, DSP, RTOS, Driver
   * Component: CORE Version: 3.20.0

<h2>Collection of Component include folders:</h2>
  F:\ARM\STM32CubeMXProjects\tim_ti_test\MDK-ARM\RTE
  C:\Keil_v5\ARM\PACK\ARM\CMSIS\3.20.4\CMSIS\Include
  C:\Keil_v5\ARM\PACK\Keil\STM32F1xx_DFP\1.0.5\Device\Include

<h2>Collection of Component Files used:</h2>

   * Component: ARM::CMSIS:CORE:3.20.0
Load "tim_ti_test\\tim_ti_test.axf" 
Erase Done.
Programming Done.
Verify OK.
</pre>
</body>
</html>
ming Done.
Verify OK.
Component: ARM::CMSIS:CORE:3.20.0
m_ti_test\tim_ti_test.axf" - 1 Error(s), 1 Warning(s).

<h2>Software Packages used:</h2>

Package Vendor: ARM
                http://www.keil.com/pack/ARM.CMSIS.3.20.4.pack
                ARM::CMSIS:CORE:3.20.0
                Cortex Microcontroller Software Interface Standard (CMSIS) CORE, DSP, RTOS, Driver
   * Component: CORE Version: 3.20.0

<h2>Collection of Component include folders:</h2>
  F:\ARM\STM32CubeMXProjects\tim_ti_test\MDK-ARM\RTE
  C:\Keil_v5\ARM\PACK\ARM\CMSIS\3.20.4\CMSIS\Include
  C:\Keil_v5\ARM\PACK\Keil\STM32F1xx_DFP\1.0.5\Device\Include

<h2>Collection of Component Files used:</h2>

   * Component: ARM::CMSIS:CORE:3.20.0
Target not created
